// Jest Snapshot v1, https://goo.gl/fbAQLP

exports[`Layout.test.tsx should render correctly 1`] = `[Function]`;
